Scraping massif activé jusqu'à 18h00.
[09:10:49] TH18 attack 3 star : ERREUR
[09:12:59] TH18 war strategy : ERREUR
[09:15:09] TH18 clash of clans 2026 : ERREUR
[09:17:19] TH18 hybrid : ERREUR
[09:19:29] TH18 lalo : ERREUR
[09:21:39] TH18 queen walk : ERREUR
[09:23:49] TH18 super archer : ERREUR
[09:25:59] TH18 fireball : ERREUR
[09:28:09] TH18 smash : ERREUR
[09:30:19] TH18 root riders : ERREUR
[09:32:29] TH18 new meta : ERREUR
[09:34:39] HDV18 attaque : ERREUR
[09:36:49] TH18 legend league : ERREUR
[09:38:59] TH18 CWL : ERREUR
[09:41:09] TH18 pro attack : ERREUR
[09:43:19] TH18 itzu : ERREUR
[09:45:29] TH18 judo sloth : ERREUR
[09:47:39] TH18 carbonfin : ERREUR
[09:49:49] TH18 ash coc : ERREUR
[10:01:59] TH18 attack 3 star : ERREUR
[10:04:09] TH18 war strategy : ERREUR
[10:04:22] TH18 clash of clans 2026 : +0
[10:04:34] TH18 hybrid : +0
[10:04:46] TH18 lalo : +0
[10:04:58] TH18 queen walk : +0
[10:05:10] TH18 super archer : +0
[10:05:22] TH18 fireball : +0
[10:05:34] TH18 smash : +0
[10:05:46] TH18 root riders : +0
[10:05:58] TH18 new meta : +0
[10:06:10] HDV18 attaque : +0
[10:06:22] TH18 legend league : +0
[10:06:34] TH18 CWL : +0
[10:06:46] TH18 pro attack : +0
[10:06:58] TH18 itzu : +0
[10:07:10] TH18 judo sloth : +0
[10:07:22] TH18 carbonfin : +0
[10:07:34] TH18 ash coc : +0
[10:19:44] TH18 attack 3 star : ERREUR
[10:21:54] TH18 war strategy : ERREUR
[10:24:04] TH18 clash of clans 2026 : ERREUR
[10:26:14] TH18 hybrid : ERREUR
[10:28:24] TH18 lalo : ERREUR
[10:30:34] TH18 queen walk : ERREUR
[10:32:44] TH18 super archer : ERREUR
[10:34:54] TH18 fireball : ERREUR
[10:37:04] TH18 smash : ERREUR
[10:39:15] TH18 root riders : ERREUR
[10:41:25] TH18 new meta : ERREUR
[10:43:35] HDV18 attaque : ERREUR
[10:45:45] TH18 legend league : ERREUR
[10:47:55] TH18 CWL : ERREUR
[10:50:05] TH18 pro attack : ERREUR
[10:52:15] TH18 itzu : ERREUR
[10:54:10] TH18 judo sloth : +27
[10:54:22] TH18 carbonfin : +0
[10:54:34] TH18 ash coc : +0
[11:04:46] TH18 attack 3 star : +0
[11:04:58] TH18 war strategy : +0
[11:05:10] TH18 clash of clans 2026 : +0
[11:05:22] TH18 hybrid : +0
[11:05:34] TH18 lalo : +0
[11:05:46] TH18 queen walk : +0
[11:05:58] TH18 super archer : +0
[11:06:10] TH18 fireball : +0
[11:06:22] TH18 smash : +0
[11:06:34] TH18 root riders : +0
[11:06:46] TH18 new meta : +0
[11:06:58] HDV18 attaque : +0
[11:07:10] TH18 legend league : +0
[11:07:22] TH18 CWL : +0
[11:07:34] TH18 pro attack : +0
[11:07:46] TH18 itzu : +0
[11:07:58] TH18 judo sloth : +0
[11:08:10] TH18 carbonfin : +0
[11:08:22] TH18 ash coc : +0
[11:20:32] TH18 attack 3 star : ERREUR
[11:22:42] TH18 war strategy : ERREUR
[11:24:52] TH18 clash of clans 2026 : ERREUR
[11:27:02] TH18 hybrid : ERREUR
[11:29:12] TH18 lalo : ERREUR
[11:31:22] TH18 queen walk : ERREUR
[11:33:32] TH18 super archer : ERREUR
[11:35:42] TH18 fireball : ERREUR
[11:37:52] TH18 smash : ERREUR
[11:40:02] TH18 root riders : ERREUR
[11:42:12] TH18 new meta : ERREUR
[11:44:22] HDV18 attaque : ERREUR
[11:46:32] TH18 legend league : ERREUR
[11:48:42] TH18 CWL : ERREUR
[11:50:52] TH18 pro attack : ERREUR
[11:53:02] TH18 itzu : ERREUR
[11:55:13] TH18 judo sloth : ERREUR
[11:57:23] TH18 carbonfin : ERREUR
[11:59:33] TH18 ash coc : ERREUR
[12:11:42] TH18 attack 3 star : ERREUR
[12:13:52] TH18 war strategy : ERREUR
[12:16:02] TH18 clash of clans 2026 : ERREUR
[12:18:12] TH18 hybrid : ERREUR
[12:20:22] TH18 lalo : ERREUR
[12:22:32] TH18 queen walk : ERREUR
[12:24:42] TH18 super archer : ERREUR
[12:26:52] TH18 fireball : ERREUR
[12:29:03] TH18 smash : ERREUR
[12:31:13] TH18 root riders : ERREUR
[12:33:23] TH18 new meta : ERREUR
[12:35:33] HDV18 attaque : ERREUR
[12:37:43] TH18 legend league : ERREUR
[12:39:53] TH18 CWL : ERREUR
[12:42:03] TH18 pro attack : ERREUR
[12:44:13] TH18 itzu : ERREUR
[12:46:23] TH18 judo sloth : ERREUR
[12:48:33] TH18 carbonfin : ERREUR
[12:50:43] TH18 ash coc : ERREUR
[13:02:53] TH18 attack 3 star : ERREUR
[13:05:03] TH18 war strategy : ERREUR
[13:07:13] TH18 clash of clans 2026 : ERREUR
[13:09:23] TH18 hybrid : ERREUR
[13:11:33] TH18 lalo : ERREUR
[13:13:43] TH18 queen walk : ERREUR
[13:15:53] TH18 super archer : ERREUR
[13:18:03] TH18 fireball : ERREUR
[13:20:13] TH18 smash : ERREUR
[13:22:23] TH18 root riders : ERREUR
[13:24:33] TH18 new meta : ERREUR
[13:26:43] HDV18 attaque : ERREUR
[13:28:53] TH18 legend league : ERREUR
[13:31:03] TH18 CWL : ERREUR
[13:33:13] TH18 pro attack : ERREUR
[13:35:23] TH18 itzu : ERREUR
[13:37:33] TH18 judo sloth : ERREUR
[13:39:43] TH18 carbonfin : ERREUR
[13:41:53] TH18 ash coc : ERREUR
[13:54:03] TH18 attack 3 star : ERREUR
[13:56:13] TH18 war strategy : ERREUR
[13:58:23] TH18 clash of clans 2026 : ERREUR
[14:00:33] TH18 hybrid : ERREUR
[14:02:43] TH18 lalo : ERREUR
[14:04:53] TH18 queen walk : ERREUR
[14:07:03] TH18 super archer : ERREUR
[14:09:13] TH18 fireball : ERREUR
[14:11:23] TH18 smash : ERREUR
[14:13:33] TH18 root riders : ERREUR
[14:15:43] TH18 new meta : ERREUR
[14:17:53] HDV18 attaque : ERREUR
[14:20:03] TH18 legend league : ERREUR
[14:22:13] TH18 CWL : ERREUR
[14:24:23] TH18 pro attack : ERREUR
[14:26:33] TH18 itzu : ERREUR
[14:28:43] TH18 judo sloth : ERREUR
[14:30:53] TH18 carbonfin : ERREUR
[14:33:03] TH18 ash coc : ERREUR
[14:45:13] TH18 attack 3 star : ERREUR
[14:47:23] TH18 war strategy : ERREUR
[14:49:33] TH18 clash of clans 2026 : ERREUR
[14:51:43] TH18 hybrid : ERREUR
[14:53:53] TH18 lalo : ERREUR
[14:56:03] TH18 queen walk : ERREUR
[14:58:13] TH18 super archer : ERREUR
[15:00:23] TH18 fireball : ERREUR
[15:02:33] TH18 smash : ERREUR
[15:04:43] TH18 root riders : ERREUR
[15:06:53] TH18 new meta : ERREUR
[15:09:03] HDV18 attaque : ERREUR
[15:11:13] TH18 legend league : ERREUR
[15:13:23] TH18 CWL : ERREUR
[15:15:34] TH18 pro attack : ERREUR
[15:17:44] TH18 itzu : ERREUR
[15:19:54] TH18 judo sloth : ERREUR
[15:22:04] TH18 carbonfin : ERREUR
[15:24:14] TH18 ash coc : ERREUR
[15:36:23] TH18 attack 3 star : ERREUR
[15:38:33] TH18 war strategy : ERREUR
[15:40:43] TH18 clash of clans 2026 : ERREUR
[15:42:54] TH18 hybrid : ERREUR
[15:45:04] TH18 lalo : ERREUR
[15:47:14] TH18 queen walk : ERREUR
[15:49:24] TH18 super archer : ERREUR
[15:51:34] TH18 fireball : ERREUR
[15:53:44] TH18 smash : ERREUR
[15:55:54] TH18 root riders : ERREUR
[15:58:04] TH18 new meta : ERREUR
[16:00:14] HDV18 attaque : ERREUR
[16:02:24] TH18 legend league : ERREUR
[16:04:34] TH18 CWL : ERREUR
[16:06:44] TH18 pro attack : ERREUR
[16:08:54] TH18 itzu : ERREUR
[16:11:04] TH18 judo sloth : ERREUR
[16:13:14] TH18 carbonfin : ERREUR
[16:15:24] TH18 ash coc : ERREUR
[16:27:35] TH18 attack 3 star : ERREUR
[16:29:45] TH18 war strategy : ERREUR
[16:31:55] TH18 clash of clans 2026 : ERREUR
[16:34:05] TH18 hybrid : ERREUR
[16:36:15] TH18 lalo : ERREUR
[16:38:25] TH18 queen walk : ERREUR
[16:40:35] TH18 super archer : ERREUR
[16:42:45] TH18 fireball : ERREUR
[16:44:55] TH18 smash : ERREUR
[16:47:05] TH18 root riders : ERREUR
[16:49:15] TH18 new meta : ERREUR
[16:51:25] HDV18 attaque : ERREUR
[16:53:35] TH18 legend league : ERREUR
[16:55:45] TH18 CWL : ERREUR
[16:57:56] TH18 pro attack : ERREUR
[17:00:06] TH18 itzu : ERREUR
[17:02:16] TH18 judo sloth : ERREUR
[17:04:26] TH18 carbonfin : ERREUR
[17:06:36] TH18 ash coc : ERREUR
[17:18:46] TH18 attack 3 star : ERREUR
[17:20:56] TH18 war strategy : ERREUR
[17:23:06] TH18 clash of clans 2026 : ERREUR
[17:25:16] TH18 hybrid : ERREUR
[17:27:26] TH18 lalo : ERREUR
[17:29:36] TH18 queen walk : ERREUR
[17:31:46] TH18 super archer : ERREUR
[17:33:56] TH18 fireball : ERREUR
[17:36:06] TH18 smash : ERREUR
[17:38:16] TH18 root riders : ERREUR
[17:40:26] TH18 new meta : ERREUR
[17:42:36] HDV18 attaque : ERREUR
[17:44:46] TH18 legend league : ERREUR
[17:46:56] TH18 CWL : ERREUR
[17:49:06] TH18 pro attack : ERREUR
[17:51:16] TH18 itzu : ERREUR
[17:53:26] TH18 judo sloth : ERREUR
[17:55:36] TH18 carbonfin : ERREUR
[17:57:46] TH18 ash coc : ERREUR
Entraînement YouTube terminé à 18h00.
